{
  "messages" : [
    {
      "content" : "'userLocation' tool called.",
      "metadata" : {
        "call.arguments" : {
          "string" : {
            "_0" : "Arguments()"
          }
        },
        "call.duration" : {
          "string" : {
            "_0" : "0.000378667 seconds"
          }
        },
        "call.result" : {
          "string" : {
            "_0" : "success(CanIClimbKit.UserLocationTool.Output.reading(CanIClimbKit.LocationReading.Generable(coordinate: CanIClimbKit.LocationCoordinate2D.Generable(latitude: 37.825858, longitude: -122.422202), altitudeAboveSeaLevelMeters: 0.0)))"
          }
        }
      }
    }
  ],
  "readiness" : {
    "insight" : "Based on your age, gender, height, and current activity level, you are well-prepared for climbing Freel Peak. Your sedentary lifestyle suggests you may benefit from gradually increasing your physical activity to build endurance. Freel Peak, with an elevation of 3,318 meters and a climbing difficulty rating of 72 out of 100, requires significant physical effort. To enhance your readiness, consider incorporating regular walking or jogging into your routine to gradually build stamina and strength. Aim for at least three days of moderate exercise per week, gradually increasing the duration and intensity as you prepare. This will help improve your cardiovascular fitness and muscle endurance, essential for tackling the mountain's challenges. Additionally, focusing on strength training exercises, particularly for your legs and core, will provide the necessary support for the climb. As you prepare, ensure you maintain a balanced diet rich in carbohydrates, proteins, and healthy fats to fuel your workouts and recovery. Staying hydrated is also crucial, especially given the mountain's high elevation and potential for cold temperatures. Finally, listen to your body and allow for rest and recovery to prevent fatigue and injury. By following these preparation tips, you'll be well-equipped to handle the demands of Freel Peak.",
    "rating" : {
      "ready" : {

      }
    }
  }
}